[     188ms] [ERROR] ERROR TypeError: Cannot read properties of undefined (reading 'cart_items')
    at template (https://practicesoftwaretesting.com/src_app_checkout_checkout_module_ts.753c4cc6a93f45a0.js:1:27733)
    at Qc (https://practicesoftwaretesting.com/main.60cd83a2d07ec791.js:1:344016)
    at Ks (https://practicesoftwaretesting.com/main.60cd83a2d07ec791.js:1:353378)
    at Qs (https://practicesoftwaretesting.com/main.60cd83a2d07ec791.js:1:354929)
    at Xs (https://practicesoftwaretesting.com/main.60cd83a2d07ec791.js:1:354733)
    at _f (https://practicesoftwaretesting.com/main.60cd83a2d07ec791.js:1:354678)
    at gl (https://practicesoftwaretesting.com/main.60cd83a2d07ec791.js:1:355129)
    at Ks (https://practicesoftwaretesting.com/main.60cd83a2d07ec791.js:1:354108)
    at Qs (https://practicesoftwaretesting.com/main.60cd83a2d07ec791.js:1:354929)
    at Xs (https://practicesoftwaretesting.com/main.60cd83a2d07ec791.js:1:354733) @ https://practicesoftwaretesting.com/main.60cd83a2d07ec791.js:0
[     189ms] [ERROR] ERROR TypeError: Cannot read properties of undefined (reading 'cart_items')
    at template (https://practicesoftwaretesting.com/src_app_checkout_checkout_module_ts.753c4cc6a93f45a0.js:1:27733)
    at Qc (https://practicesoftwaretesting.com/main.60cd83a2d07ec791.js:1:344016)
    at Ks (https://practicesoftwaretesting.com/main.60cd83a2d07ec791.js:1:353378)
    at Qs (https://practicesoftwaretesting.com/main.60cd83a2d07ec791.js:1:354929)
    at Xs (https://practicesoftwaretesting.com/main.60cd83a2d07ec791.js:1:354733)
    at _f (https://practicesoftwaretesting.com/main.60cd83a2d07ec791.js:1:354678)
    at gl (https://practicesoftwaretesting.com/main.60cd83a2d07ec791.js:1:355129)
    at Ks (https://practicesoftwaretesting.com/main.60cd83a2d07ec791.js:1:354108)
    at Qs (https://practicesoftwaretesting.com/main.60cd83a2d07ec791.js:1:354929)
    at Xs (https://practicesoftwaretesting.com/main.60cd83a2d07ec791.js:1:354733) @ https://practicesoftwaretesting.com/main.60cd83a2d07ec791.js:0
[     190ms] [ERROR] ERROR TypeError: Cannot read properties of undefined (reading 'cart_items')
    at template (https://practicesoftwaretesting.com/src_app_checkout_checkout_module_ts.753c4cc6a93f45a0.js:1:27733)
    at Qc (https://practicesoftwaretesting.com/main.60cd83a2d07ec791.js:1:344016)
    at Ks (https://practicesoftwaretesting.com/main.60cd83a2d07ec791.js:1:353378)
    at Qs (https://practicesoftwaretesting.com/main.60cd83a2d07ec791.js:1:354929)
    at Xs (https://practicesoftwaretesting.com/main.60cd83a2d07ec791.js:1:354733)
    at _f (https://practicesoftwaretesting.com/main.60cd83a2d07ec791.js:1:354678)
    at gl (https://practicesoftwaretesting.com/main.60cd83a2d07ec791.js:1:355129)
    at Ks (https://practicesoftwaretesting.com/main.60cd83a2d07ec791.js:1:354108)
    at Qs (https://practicesoftwaretesting.com/main.60cd83a2d07ec791.js:1:354929)
    at Xs (https://practicesoftwaretesting.com/main.60cd83a2d07ec791.js:1:354733) @ https://practicesoftwaretesting.com/main.60cd83a2d07ec791.js:0
[     193ms] [ERROR] ERROR TypeError: Cannot read properties of undefined (reading 'cart_items')
    at template (https://practicesoftwaretesting.com/src_app_checkout_checkout_module_ts.753c4cc6a93f45a0.js:1:27733)
    at Qc (https://practicesoftwaretesting.com/main.60cd83a2d07ec791.js:1:344016)
    at Ks (https://practicesoftwaretesting.com/main.60cd83a2d07ec791.js:1:353378)
    at Qs (https://practicesoftwaretesting.com/main.60cd83a2d07ec791.js:1:354929)
    at Xs (https://practicesoftwaretesting.com/main.60cd83a2d07ec791.js:1:354733)
    at _f (https://practicesoftwaretesting.com/main.60cd83a2d07ec791.js:1:354678)
    at gl (https://practicesoftwaretesting.com/main.60cd83a2d07ec791.js:1:355129)
    at Ks (https://practicesoftwaretesting.com/main.60cd83a2d07ec791.js:1:354108)
    at Qs (https://practicesoftwaretesting.com/main.60cd83a2d07ec791.js:1:354929)
    at Xs (https://practicesoftwaretesting.com/main.60cd83a2d07ec791.js:1:354733) @ https://practicesoftwaretesting.com/main.60cd83a2d07ec791.js:0
[     202ms] [ERROR] ERROR TypeError: Cannot read properties of undefined (reading 'cart_items')
    at template (https://practicesoftwaretesting.com/src_app_checkout_checkout_module_ts.753c4cc6a93f45a0.js:1:27733)
    at Qc (https://practicesoftwaretesting.com/main.60cd83a2d07ec791.js:1:344016)
    at Ks (https://practicesoftwaretesting.com/main.60cd83a2d07ec791.js:1:353378)
    at Qs (https://practicesoftwaretesting.com/main.60cd83a2d07ec791.js:1:354929)
    at Xs (https://practicesoftwaretesting.com/main.60cd83a2d07ec791.js:1:354733)
    at _f (https://practicesoftwaretesting.com/main.60cd83a2d07ec791.js:1:354678)
    at gl (https://practicesoftwaretesting.com/main.60cd83a2d07ec791.js:1:355129)
    at Ks (https://practicesoftwaretesting.com/main.60cd83a2d07ec791.js:1:354108)
    at Qs (https://practicesoftwaretesting.com/main.60cd83a2d07ec791.js:1:354929)
    at Xs (https://practicesoftwaretesting.com/main.60cd83a2d07ec791.js:1:354733) @ https://practicesoftwaretesting.com/main.60cd83a2d07ec791.js:0
[     203ms] [ERROR] ERROR TypeError: Cannot read properties of undefined (reading 'cart_items')
    at template (https://practicesoftwaretesting.com/src_app_checkout_checkout_module_ts.753c4cc6a93f45a0.js:1:27733)
    at Qc (https://practicesoftwaretesting.com/main.60cd83a2d07ec791.js:1:344016)
    at Ks (https://practicesoftwaretesting.com/main.60cd83a2d07ec791.js:1:353378)
    at Qs (https://practicesoftwaretesting.com/main.60cd83a2d07ec791.js:1:354929)
    at Xs (https://practicesoftwaretesting.com/main.60cd83a2d07ec791.js:1:354733)
    at _f (https://practicesoftwaretesting.com/main.60cd83a2d07ec791.js:1:354678)
    at gl (https://practicesoftwaretesting.com/main.60cd83a2d07ec791.js:1:355129)
    at Ks (https://practicesoftwaretesting.com/main.60cd83a2d07ec791.js:1:354108)
    at Qs (https://practicesoftwaretesting.com/main.60cd83a2d07ec791.js:1:354929)
    at Xs (https://practicesoftwaretesting.com/main.60cd83a2d07ec791.js:1:354733) @ https://practicesoftwaretesting.com/main.60cd83a2d07ec791.js:0
[     204ms] [ERROR] ERROR TypeError: Cannot read properties of undefined (reading 'cart_items')
    at template (https://practicesoftwaretesting.com/src_app_checkout_checkout_module_ts.753c4cc6a93f45a0.js:1:27733)
    at Qc (https://practicesoftwaretesting.com/main.60cd83a2d07ec791.js:1:344016)
    at Ks (https://practicesoftwaretesting.com/main.60cd83a2d07ec791.js:1:353378)
    at Qs (https://practicesoftwaretesting.com/main.60cd83a2d07ec791.js:1:354929)
    at Xs (https://practicesoftwaretesting.com/main.60cd83a2d07ec791.js:1:354733)
    at _f (https://practicesoftwaretesting.com/main.60cd83a2d07ec791.js:1:354678)
    at gl (https://practicesoftwaretesting.com/main.60cd83a2d07ec791.js:1:355129)
    at Ks (https://practicesoftwaretesting.com/main.60cd83a2d07ec791.js:1:354108)
    at Qs (https://practicesoftwaretesting.com/main.60cd83a2d07ec791.js:1:354929)
    at Xs (https://practicesoftwaretesting.com/main.60cd83a2d07ec791.js:1:354733) @ https://practicesoftwaretesting.com/main.60cd83a2d07ec791.js:0
[     205ms] [ERROR] ERROR TypeError: Cannot read properties of undefined (reading 'cart_items')
    at template (https://practicesoftwaretesting.com/src_app_checkout_checkout_module_ts.753c4cc6a93f45a0.js:1:27733)
    at Qc (https://practicesoftwaretesting.com/main.60cd83a2d07ec791.js:1:344016)
    at Ks (https://practicesoftwaretesting.com/main.60cd83a2d07ec791.js:1:353378)
    at Qs (https://practicesoftwaretesting.com/main.60cd83a2d07ec791.js:1:354929)
    at Xs (https://practicesoftwaretesting.com/main.60cd83a2d07ec791.js:1:354733)
    at _f (https://practicesoftwaretesting.com/main.60cd83a2d07ec791.js:1:354678)
    at gl (https://practicesoftwaretesting.com/main.60cd83a2d07ec791.js:1:355129)
    at Ks (https://practicesoftwaretesting.com/main.60cd83a2d07ec791.js:1:354108)
    at Qs (https://practicesoftwaretesting.com/main.60cd83a2d07ec791.js:1:354929)
    at Xs (https://practicesoftwaretesting.com/main.60cd83a2d07ec791.js:1:354733) @ https://practicesoftwaretesting.com/main.60cd83a2d07ec791.js:0
[     206ms] [ERROR] ERROR TypeError: Cannot read properties of undefined (reading 'cart_items')
    at template (https://practicesoftwaretesting.com/src_app_checkout_checkout_module_ts.753c4cc6a93f45a0.js:1:27733)
    at Qc (https://practicesoftwaretesting.com/main.60cd83a2d07ec791.js:1:344016)
    at Ks (https://practicesoftwaretesting.com/main.60cd83a2d07ec791.js:1:353378)
    at Qs (https://practicesoftwaretesting.com/main.60cd83a2d07ec791.js:1:354929)
    at Xs (https://practicesoftwaretesting.com/main.60cd83a2d07ec791.js:1:354733)
    at _f (https://practicesoftwaretesting.com/main.60cd83a2d07ec791.js:1:354678)
    at gl (https://practicesoftwaretesting.com/main.60cd83a2d07ec791.js:1:355129)
    at Ks (https://practicesoftwaretesting.com/main.60cd83a2d07ec791.js:1:354108)
    at Qs (https://practicesoftwaretesting.com/main.60cd83a2d07ec791.js:1:354929)
    at Xs (https://practicesoftwaretesting.com/main.60cd83a2d07ec791.js:1:354733) @ https://practicesoftwaretesting.com/main.60cd83a2d07ec791.js:0
[     206ms] [ERROR] ERROR TypeError: Cannot read properties of undefined (reading 'cart_items')
    at template (https://practicesoftwaretesting.com/src_app_checkout_checkout_module_ts.753c4cc6a93f45a0.js:1:27733)
    at Qc (https://practicesoftwaretesting.com/main.60cd83a2d07ec791.js:1:344016)
    at Ks (https://practicesoftwaretesting.com/main.60cd83a2d07ec791.js:1:353378)
    at Qs (https://practicesoftwaretesting.com/main.60cd83a2d07ec791.js:1:354929)
    at Xs (https://practicesoftwaretesting.com/main.60cd83a2d07ec791.js:1:354733)
    at _f (https://practicesoftwaretesting.com/main.60cd83a2d07ec791.js:1:354678)
    at gl (https://practicesoftwaretesting.com/main.60cd83a2d07ec791.js:1:355129)
    at Ks (https://practicesoftwaretesting.com/main.60cd83a2d07ec791.js:1:354108)
    at Qs (https://practicesoftwaretesting.com/main.60cd83a2d07ec791.js:1:354929)
    at Xs (https://practicesoftwaretesting.com/main.60cd83a2d07ec791.js:1:354733) @ https://practicesoftwaretesting.com/main.60cd83a2d07ec791.js:0
[     207ms] [ERROR] ERROR TypeError: Cannot read properties of undefined (reading 'cart_items')
    at template (https://practicesoftwaretesting.com/src_app_checkout_checkout_module_ts.753c4cc6a93f45a0.js:1:27733)
    at Qc (https://practicesoftwaretesting.com/main.60cd83a2d07ec791.js:1:344016)
    at Ks (https://practicesoftwaretesting.com/main.60cd83a2d07ec791.js:1:353378)
    at Qs (https://practicesoftwaretesting.com/main.60cd83a2d07ec791.js:1:354929)
    at Xs (https://practicesoftwaretesting.com/main.60cd83a2d07ec791.js:1:354733)
    at _f (https://practicesoftwaretesting.com/main.60cd83a2d07ec791.js:1:354678)
    at gl (https://practicesoftwaretesting.com/main.60cd83a2d07ec791.js:1:355129)
    at Ks (https://practicesoftwaretesting.com/main.60cd83a2d07ec791.js:1:354108)
    at Qs (https://practicesoftwaretesting.com/main.60cd83a2d07ec791.js:1:354929)
    at Xs (https://practicesoftwaretesting.com/main.60cd83a2d07ec791.js:1:354733) @ https://practicesoftwaretesting.com/main.60cd83a2d07ec791.js:0
[     208ms] [ERROR] ERROR TypeError: Cannot read properties of undefined (reading 'cart_items')
    at template (https://practicesoftwaretesting.com/src_app_checkout_checkout_module_ts.753c4cc6a93f45a0.js:1:27733)
    at Qc (https://practicesoftwaretesting.com/main.60cd83a2d07ec791.js:1:344016)
    at Ks (https://practicesoftwaretesting.com/main.60cd83a2d07ec791.js:1:353378)
    at Qs (https://practicesoftwaretesting.com/main.60cd83a2d07ec791.js:1:354929)
    at Xs (https://practicesoftwaretesting.com/main.60cd83a2d07ec791.js:1:354733)
    at _f (https://practicesoftwaretesting.com/main.60cd83a2d07ec791.js:1:354678)
    at gl (https://practicesoftwaretesting.com/main.60cd83a2d07ec791.js:1:355129)
    at Ks (https://practicesoftwaretesting.com/main.60cd83a2d07ec791.js:1:354108)
    at Qs (https://practicesoftwaretesting.com/main.60cd83a2d07ec791.js:1:354929)
    at Xs (https://practicesoftwaretesting.com/main.60cd83a2d07ec791.js:1:354733) @ https://practicesoftwaretesting.com/main.60cd83a2d07ec791.js:0
[     208ms] [ERROR] ERROR TypeError: Cannot read properties of undefined (reading 'cart_items')
    at template (https://practicesoftwaretesting.com/src_app_checkout_checkout_module_ts.753c4cc6a93f45a0.js:1:27733)
    at Qc (https://practicesoftwaretesting.com/main.60cd83a2d07ec791.js:1:344016)
    at Ks (https://practicesoftwaretesting.com/main.60cd83a2d07ec791.js:1:353378)
    at Qs (https://practicesoftwaretesting.com/main.60cd83a2d07ec791.js:1:354929)
    at Xs (https://practicesoftwaretesting.com/main.60cd83a2d07ec791.js:1:354733)
    at _f (https://practicesoftwaretesting.com/main.60cd83a2d07ec791.js:1:354678)
    at gl (https://practicesoftwaretesting.com/main.60cd83a2d07ec791.js:1:355129)
    at Ks (https://practicesoftwaretesting.com/main.60cd83a2d07ec791.js:1:354108)
    at Qs (https://practicesoftwaretesting.com/main.60cd83a2d07ec791.js:1:354929)
    at Xs (https://practicesoftwaretesting.com/main.60cd83a2d07ec791.js:1:354733) @ https://practicesoftwaretesting.com/main.60cd83a2d07ec791.js:0
[     208ms] [ERROR] ERROR TypeError: Cannot read properties of undefined (reading 'cart_items')
    at template (https://practicesoftwaretesting.com/src_app_checkout_checkout_module_ts.753c4cc6a93f45a0.js:1:27733)
    at Qc (https://practicesoftwaretesting.com/main.60cd83a2d07ec791.js:1:344016)
    at Ks (https://practicesoftwaretesting.com/main.60cd83a2d07ec791.js:1:353378)
    at Qs (https://practicesoftwaretesting.com/main.60cd83a2d07ec791.js:1:354929)
    at Xs (https://practicesoftwaretesting.com/main.60cd83a2d07ec791.js:1:354733)
    at _f (https://practicesoftwaretesting.com/main.60cd83a2d07ec791.js:1:354678)
    at gl (https://practicesoftwaretesting.com/main.60cd83a2d07ec791.js:1:355129)
    at Ks (https://practicesoftwaretesting.com/main.60cd83a2d07ec791.js:1:354108)
    at Qs (https://practicesoftwaretesting.com/main.60cd83a2d07ec791.js:1:354929)
    at Xs (https://practicesoftwaretesting.com/main.60cd83a2d07ec791.js:1:354733) @ https://practicesoftwaretesting.com/main.60cd83a2d07ec791.js:0
[     208ms] [ERROR] ERROR TypeError: Cannot read properties of undefined (reading 'cart_items')
    at template (https://practicesoftwaretesting.com/src_app_checkout_checkout_module_ts.753c4cc6a93f45a0.js:1:27733)
    at Qc (https://practicesoftwaretesting.com/main.60cd83a2d07ec791.js:1:344016)
    at Ks (https://practicesoftwaretesting.com/main.60cd83a2d07ec791.js:1:353378)
    at Qs (https://practicesoftwaretesting.com/main.60cd83a2d07ec791.js:1:354929)
    at Xs (https://practicesoftwaretesting.com/main.60cd83a2d07ec791.js:1:354733)
    at _f (https://practicesoftwaretesting.com/main.60cd83a2d07ec791.js:1:354678)
    at gl (https://practicesoftwaretesting.com/main.60cd83a2d07ec791.js:1:355129)
    at Ks (https://practicesoftwaretesting.com/main.60cd83a2d07ec791.js:1:354108)
    at Qs (https://practicesoftwaretesting.com/main.60cd83a2d07ec791.js:1:354929)
    at Xs (https://practicesoftwaretesting.com/main.60cd83a2d07ec791.js:1:354733) @ https://practicesoftwaretesting.com/main.60cd83a2d07ec791.js:0
[     215ms] [ERROR] ERROR TypeError: Cannot read properties of undefined (reading 'cart_items')
    at template (https://practicesoftwaretesting.com/src_app_checkout_checkout_module_ts.753c4cc6a93f45a0.js:1:27733)
    at Qc (https://practicesoftwaretesting.com/main.60cd83a2d07ec791.js:1:344016)
    at Ks (https://practicesoftwaretesting.com/main.60cd83a2d07ec791.js:1:353378)
    at Qs (https://practicesoftwaretesting.com/main.60cd83a2d07ec791.js:1:354929)
    at Xs (https://practicesoftwaretesting.com/main.60cd83a2d07ec791.js:1:354733)
    at _f (https://practicesoftwaretesting.com/main.60cd83a2d07ec791.js:1:354678)
    at gl (https://practicesoftwaretesting.com/main.60cd83a2d07ec791.js:1:355129)
    at Ks (https://practicesoftwaretesting.com/main.60cd83a2d07ec791.js:1:354108)
    at Qs (https://practicesoftwaretesting.com/main.60cd83a2d07ec791.js:1:354929)
    at Xs (https://practicesoftwaretesting.com/main.60cd83a2d07ec791.js:1:354733) @ https://practicesoftwaretesting.com/main.60cd83a2d07ec791.js:0
[     215ms] [ERROR] ERROR TypeError: Cannot read properties of undefined (reading 'cart_items')
    at template (https://practicesoftwaretesting.com/src_app_checkout_checkout_module_ts.753c4cc6a93f45a0.js:1:27733)
    at Qc (https://practicesoftwaretesting.com/main.60cd83a2d07ec791.js:1:344016)
    at Ks (https://practicesoftwaretesting.com/main.60cd83a2d07ec791.js:1:353378)
    at Qs (https://practicesoftwaretesting.com/main.60cd83a2d07ec791.js:1:354929)
    at Xs (https://practicesoftwaretesting.com/main.60cd83a2d07ec791.js:1:354733)
    at _f (https://practicesoftwaretesting.com/main.60cd83a2d07ec791.js:1:354678)
    at gl (https://practicesoftwaretesting.com/main.60cd83a2d07ec791.js:1:355129)
    at Ks (https://practicesoftwaretesting.com/main.60cd83a2d07ec791.js:1:354108)
    at Qs (https://practicesoftwaretesting.com/main.60cd83a2d07ec791.js:1:354929)
    at Xs (https://practicesoftwaretesting.com/main.60cd83a2d07ec791.js:1:354733) @ https://practicesoftwaretesting.com/main.60cd83a2d07ec791.js:0
[     216ms] [ERROR] ERROR TypeError: Cannot read properties of undefined (reading 'cart_items')
    at template (https://practicesoftwaretesting.com/src_app_checkout_checkout_module_ts.753c4cc6a93f45a0.js:1:27733)
    at Qc (https://practicesoftwaretesting.com/main.60cd83a2d07ec791.js:1:344016)
    at Ks (https://practicesoftwaretesting.com/main.60cd83a2d07ec791.js:1:353378)
    at Qs (https://practicesoftwaretesting.com/main.60cd83a2d07ec791.js:1:354929)
    at Xs (https://practicesoftwaretesting.com/main.60cd83a2d07ec791.js:1:354733)
    at _f (https://practicesoftwaretesting.com/main.60cd83a2d07ec791.js:1:354678)
    at gl (https://practicesoftwaretesting.com/main.60cd83a2d07ec791.js:1:355129)
    at Ks (https://practicesoftwaretesting.com/main.60cd83a2d07ec791.js:1:354108)
    at Qs (https://practicesoftwaretesting.com/main.60cd83a2d07ec791.js:1:354929)
    at Xs (https://practicesoftwaretesting.com/main.60cd83a2d07ec791.js:1:354733) @ https://practicesoftwaretesting.com/main.60cd83a2d07ec791.js:0
[     216ms] [ERROR] ERROR TypeError: Cannot read properties of undefined (reading 'cart_items')
    at template (https://practicesoftwaretesting.com/src_app_checkout_checkout_module_ts.753c4cc6a93f45a0.js:1:27733)
    at Qc (https://practicesoftwaretesting.com/main.60cd83a2d07ec791.js:1:344016)
    at Ks (https://practicesoftwaretesting.com/main.60cd83a2d07ec791.js:1:353378)
    at Qs (https://practicesoftwaretesting.com/main.60cd83a2d07ec791.js:1:354929)
    at Xs (https://practicesoftwaretesting.com/main.60cd83a2d07ec791.js:1:354733)
    at _f (https://practicesoftwaretesting.com/main.60cd83a2d07ec791.js:1:354678)
    at gl (https://practicesoftwaretesting.com/main.60cd83a2d07ec791.js:1:355129)
    at Ks (https://practicesoftwaretesting.com/main.60cd83a2d07ec791.js:1:354108)
    at Qs (https://practicesoftwaretesting.com/main.60cd83a2d07ec791.js:1:354929)
    at Xs (https://practicesoftwaretesting.com/main.60cd83a2d07ec791.js:1:354733) @ https://practicesoftwaretesting.com/main.60cd83a2d07ec791.js:0
[     216ms] [ERROR] ERROR TypeError: Cannot read properties of undefined (reading 'cart_items')
    at template (https://practicesoftwaretesting.com/src_app_checkout_checkout_module_ts.753c4cc6a93f45a0.js:1:27733)
    at Qc (https://practicesoftwaretesting.com/main.60cd83a2d07ec791.js:1:344016)
    at Ks (https://practicesoftwaretesting.com/main.60cd83a2d07ec791.js:1:353378)
    at Qs (https://practicesoftwaretesting.com/main.60cd83a2d07ec791.js:1:354929)
    at Xs (https://practicesoftwaretesting.com/main.60cd83a2d07ec791.js:1:354733)
    at _f (https://practicesoftwaretesting.com/main.60cd83a2d07ec791.js:1:354678)
    at gl (https://practicesoftwaretesting.com/main.60cd83a2d07ec791.js:1:355129)
    at Ks (https://practicesoftwaretesting.com/main.60cd83a2d07ec791.js:1:354108)
    at Qs (https://practicesoftwaretesting.com/main.60cd83a2d07ec791.js:1:354929)
    at Xs (https://practicesoftwaretesting.com/main.60cd83a2d07ec791.js:1:354733) @ https://practicesoftwaretesting.com/main.60cd83a2d07ec791.js:0
[     216ms] [ERROR] ERROR TypeError: Cannot read properties of undefined (reading 'cart_items')
    at template (https://practicesoftwaretesting.com/src_app_checkout_checkout_module_ts.753c4cc6a93f45a0.js:1:27733)
    at Qc (https://practicesoftwaretesting.com/main.60cd83a2d07ec791.js:1:344016)
    at Ks (https://practicesoftwaretesting.com/main.60cd83a2d07ec791.js:1:353378)
    at Qs (https://practicesoftwaretesting.com/main.60cd83a2d07ec791.js:1:354929)
    at Xs (https://practicesoftwaretesting.com/main.60cd83a2d07ec791.js:1:354733)
    at _f (https://practicesoftwaretesting.com/main.60cd83a2d07ec791.js:1:354678)
    at gl (https://practicesoftwaretesting.com/main.60cd83a2d07ec791.js:1:355129)
    at Ks (https://practicesoftwaretesting.com/main.60cd83a2d07ec791.js:1:354108)
    at Qs (https://practicesoftwaretesting.com/main.60cd83a2d07ec791.js:1:354929)
    at Xs (https://practicesoftwaretesting.com/main.60cd83a2d07ec791.js:1:354733) @ https://practicesoftwaretesting.com/main.60cd83a2d07ec791.js:0
[     216ms] [ERROR] ERROR TypeError: Cannot read properties of undefined (reading 'cart_items')
    at template (https://practicesoftwaretesting.com/src_app_checkout_checkout_module_ts.753c4cc6a93f45a0.js:1:27733)
    at Qc (https://practicesoftwaretesting.com/main.60cd83a2d07ec791.js:1:344016)
    at Ks (https://practicesoftwaretesting.com/main.60cd83a2d07ec791.js:1:353378)
    at Qs (https://practicesoftwaretesting.com/main.60cd83a2d07ec791.js:1:354929)
    at Xs (https://practicesoftwaretesting.com/main.60cd83a2d07ec791.js:1:354733)
    at _f (https://practicesoftwaretesting.com/main.60cd83a2d07ec791.js:1:354678)
    at gl (https://practicesoftwaretesting.com/main.60cd83a2d07ec791.js:1:355129)
    at Ks (https://practicesoftwaretesting.com/main.60cd83a2d07ec791.js:1:354108)
    at Qs (https://practicesoftwaretesting.com/main.60cd83a2d07ec791.js:1:354929)
    at Xs (https://practicesoftwaretesting.com/main.60cd83a2d07ec791.js:1:354733) @ https://practicesoftwaretesting.com/main.60cd83a2d07ec791.js:0
[     217ms] [ERROR] ERROR TypeError: Cannot read properties of undefined (reading 'cart_items')
    at template (https://practicesoftwaretesting.com/src_app_checkout_checkout_module_ts.753c4cc6a93f45a0.js:1:27733)
    at Qc (https://practicesoftwaretesting.com/main.60cd83a2d07ec791.js:1:344016)
    at Ks (https://practicesoftwaretesting.com/main.60cd83a2d07ec791.js:1:353378)
    at Qs (https://practicesoftwaretesting.com/main.60cd83a2d07ec791.js:1:354929)
    at Xs (https://practicesoftwaretesting.com/main.60cd83a2d07ec791.js:1:354733)
    at _f (https://practicesoftwaretesting.com/main.60cd83a2d07ec791.js:1:354678)
    at gl (https://practicesoftwaretesting.com/main.60cd83a2d07ec791.js:1:355129)
    at Ks (https://practicesoftwaretesting.com/main.60cd83a2d07ec791.js:1:354108)
    at Qs (https://practicesoftwaretesting.com/main.60cd83a2d07ec791.js:1:354929)
    at Xs (https://practicesoftwaretesting.com/main.60cd83a2d07ec791.js:1:354733) @ https://practicesoftwaretesting.com/main.60cd83a2d07ec791.js:0
[     217ms] [ERROR] ERROR TypeError: Cannot read properties of undefined (reading 'cart_items')
    at template (https://practicesoftwaretesting.com/src_app_checkout_checkout_module_ts.753c4cc6a93f45a0.js:1:27733)
    at Qc (https://practicesoftwaretesting.com/main.60cd83a2d07ec791.js:1:344016)
    at Ks (https://practicesoftwaretesting.com/main.60cd83a2d07ec791.js:1:353378)
    at Qs (https://practicesoftwaretesting.com/main.60cd83a2d07ec791.js:1:354929)
    at Xs (https://practicesoftwaretesting.com/main.60cd83a2d07ec791.js:1:354733)
    at _f (https://practicesoftwaretesting.com/main.60cd83a2d07ec791.js:1:354678)
    at gl (https://practicesoftwaretesting.com/main.60cd83a2d07ec791.js:1:355129)
    at Ks (https://practicesoftwaretesting.com/main.60cd83a2d07ec791.js:1:354108)
    at Qs (https://practicesoftwaretesting.com/main.60cd83a2d07ec791.js:1:354929)
    at Xs (https://practicesoftwaretesting.com/main.60cd83a2d07ec791.js:1:354733) @ https://practicesoftwaretesting.com/main.60cd83a2d07ec791.js:0
[     217ms] [ERROR] ERROR TypeError: Cannot read properties of undefined (reading 'cart_items')
    at template (https://practicesoftwaretesting.com/src_app_checkout_checkout_module_ts.753c4cc6a93f45a0.js:1:27733)
    at Qc (https://practicesoftwaretesting.com/main.60cd83a2d07ec791.js:1:344016)
    at Ks (https://practicesoftwaretesting.com/main.60cd83a2d07ec791.js:1:353378)
    at Qs (https://practicesoftwaretesting.com/main.60cd83a2d07ec791.js:1:354929)
    at Xs (https://practicesoftwaretesting.com/main.60cd83a2d07ec791.js:1:354733)
    at _f (https://practicesoftwaretesting.com/main.60cd83a2d07ec791.js:1:354678)
    at gl (https://practicesoftwaretesting.com/main.60cd83a2d07ec791.js:1:355129)
    at Ks (https://practicesoftwaretesting.com/main.60cd83a2d07ec791.js:1:354108)
    at Qs (https://practicesoftwaretesting.com/main.60cd83a2d07ec791.js:1:354929)
    at Xs (https://practicesoftwaretesting.com/main.60cd83a2d07ec791.js:1:354733) @ https://practicesoftwaretesting.com/main.60cd83a2d07ec791.js:0
[     218ms] [ERROR] ERROR TypeError: Cannot read properties of undefined (reading 'cart_items')
    at template (https://practicesoftwaretesting.com/src_app_checkout_checkout_module_ts.753c4cc6a93f45a0.js:1:27733)
    at Qc (https://practicesoftwaretesting.com/main.60cd83a2d07ec791.js:1:344016)
    at Ks (https://practicesoftwaretesting.com/main.60cd83a2d07ec791.js:1:353378)
    at Qs (https://practicesoftwaretesting.com/main.60cd83a2d07ec791.js:1:354929)
    at Xs (https://practicesoftwaretesting.com/main.60cd83a2d07ec791.js:1:354733)
    at _f (https://practicesoftwaretesting.com/main.60cd83a2d07ec791.js:1:354678)
    at gl (https://practicesoftwaretesting.com/main.60cd83a2d07ec791.js:1:355129)
    at Ks (https://practicesoftwaretesting.com/main.60cd83a2d07ec791.js:1:354108)
    at Qs (https://practicesoftwaretesting.com/main.60cd83a2d07ec791.js:1:354929)
    at Xs (https://practicesoftwaretesting.com/main.60cd83a2d07ec791.js:1:354733) @ https://practicesoftwaretesting.com/main.60cd83a2d07ec791.js:0
[     219ms] [ERROR] ERROR TypeError: Cannot read properties of undefined (reading 'cart_items')
    at template (https://practicesoftwaretesting.com/src_app_checkout_checkout_module_ts.753c4cc6a93f45a0.js:1:27733)
    at Qc (https://practicesoftwaretesting.com/main.60cd83a2d07ec791.js:1:344016)
    at Ks (https://practicesoftwaretesting.com/main.60cd83a2d07ec791.js:1:353378)
    at Qs (https://practicesoftwaretesting.com/main.60cd83a2d07ec791.js:1:354929)
    at Xs (https://practicesoftwaretesting.com/main.60cd83a2d07ec791.js:1:354733)
    at _f (https://practicesoftwaretesting.com/main.60cd83a2d07ec791.js:1:354678)
    at gl (https://practicesoftwaretesting.com/main.60cd83a2d07ec791.js:1:355129)
    at Ks (https://practicesoftwaretesting.com/main.60cd83a2d07ec791.js:1:354108)
    at Qs (https://practicesoftwaretesting.com/main.60cd83a2d07ec791.js:1:354929)
    at Xs (https://practicesoftwaretesting.com/main.60cd83a2d07ec791.js:1:354733) @ https://practicesoftwaretesting.com/main.60cd83a2d07ec791.js:0
[     219ms] [ERROR] ERROR TypeError: Cannot read properties of undefined (reading 'cart_items')
    at template (https://practicesoftwaretesting.com/src_app_checkout_checkout_module_ts.753c4cc6a93f45a0.js:1:27733)
    at Qc (https://practicesoftwaretesting.com/main.60cd83a2d07ec791.js:1:344016)
    at Ks (https://practicesoftwaretesting.com/main.60cd83a2d07ec791.js:1:353378)
    at Qs (https://practicesoftwaretesting.com/main.60cd83a2d07ec791.js:1:354929)
    at Xs (https://practicesoftwaretesting.com/main.60cd83a2d07ec791.js:1:354733)
    at _f (https://practicesoftwaretesting.com/main.60cd83a2d07ec791.js:1:354678)
    at gl (https://practicesoftwaretesting.com/main.60cd83a2d07ec791.js:1:355129)
    at Ks (https://practicesoftwaretesting.com/main.60cd83a2d07ec791.js:1:354108)
    at Qs (https://practicesoftwaretesting.com/main.60cd83a2d07ec791.js:1:354929)
    at Xs (https://practicesoftwaretesting.com/main.60cd83a2d07ec791.js:1:354733) @ https://practicesoftwaretesting.com/main.60cd83a2d07ec791.js:0
[     219ms] [ERROR] ERROR TypeError: Cannot read properties of undefined (reading 'cart_items')
    at template (https://practicesoftwaretesting.com/src_app_checkout_checkout_module_ts.753c4cc6a93f45a0.js:1:27733)
    at Qc (https://practicesoftwaretesting.com/main.60cd83a2d07ec791.js:1:344016)
    at Ks (https://practicesoftwaretesting.com/main.60cd83a2d07ec791.js:1:353378)
    at Qs (https://practicesoftwaretesting.com/main.60cd83a2d07ec791.js:1:354929)
    at Xs (https://practicesoftwaretesting.com/main.60cd83a2d07ec791.js:1:354733)
    at _f (https://practicesoftwaretesting.com/main.60cd83a2d07ec791.js:1:354678)
    at gl (https://practicesoftwaretesting.com/main.60cd83a2d07ec791.js:1:355129)
    at Ks (https://practicesoftwaretesting.com/main.60cd83a2d07ec791.js:1:354108)
    at Qs (https://practicesoftwaretesting.com/main.60cd83a2d07ec791.js:1:354929)
    at Xs (https://practicesoftwaretesting.com/main.60cd83a2d07ec791.js:1:354733) @ https://practicesoftwaretesting.com/main.60cd83a2d07ec791.js:0
[     245ms] [ERROR] ERROR TypeError: Cannot read properties of undefined (reading 'cart_items')
    at template (https://practicesoftwaretesting.com/src_app_checkout_checkout_module_ts.753c4cc6a93f45a0.js:1:27733)
    at Qc (https://practicesoftwaretesting.com/main.60cd83a2d07ec791.js:1:344016)
    at Ks (https://practicesoftwaretesting.com/main.60cd83a2d07ec791.js:1:353378)
    at Qs (https://practicesoftwaretesting.com/main.60cd83a2d07ec791.js:1:354929)
    at Xs (https://practicesoftwaretesting.com/main.60cd83a2d07ec791.js:1:354733)
    at _f (https://practicesoftwaretesting.com/main.60cd83a2d07ec791.js:1:354678)
    at gl (https://practicesoftwaretesting.com/main.60cd83a2d07ec791.js:1:355129)
    at Ks (https://practicesoftwaretesting.com/main.60cd83a2d07ec791.js:1:354108)
    at Qs (https://practicesoftwaretesting.com/main.60cd83a2d07ec791.js:1:354929)
    at Xs (https://practicesoftwaretesting.com/main.60cd83a2d07ec791.js:1:354733) @ https://practicesoftwaretesting.com/main.60cd83a2d07ec791.js:0
[     919ms] [ERROR] Failed to load resource: the server responded with a status of 401 (Unauthorized) @ https://api.practicesoftwaretesting.com/users/me:0
[     921ms] [ERROR] ERROR TypeError: Cannot read properties of undefined (reading 'cart_items')
    at template (https://practicesoftwaretesting.com/src_app_checkout_checkout_module_ts.753c4cc6a93f45a0.js:1:27733)
    at Qc (https://practicesoftwaretesting.com/main.60cd83a2d07ec791.js:1:344016)
    at Ks (https://practicesoftwaretesting.com/main.60cd83a2d07ec791.js:1:353378)
    at Qs (https://practicesoftwaretesting.com/main.60cd83a2d07ec791.js:1:354929)
    at Xs (https://practicesoftwaretesting.com/main.60cd83a2d07ec791.js:1:354733)
    at _f (https://practicesoftwaretesting.com/main.60cd83a2d07ec791.js:1:354678)
    at gl (https://practicesoftwaretesting.com/main.60cd83a2d07ec791.js:1:355129)
    at Ks (https://practicesoftwaretesting.com/main.60cd83a2d07ec791.js:1:354108)
    at Qs (https://practicesoftwaretesting.com/main.60cd83a2d07ec791.js:1:354929)
    at Xs (https://practicesoftwaretesting.com/main.60cd83a2d07ec791.js:1:354733) @ https://practicesoftwaretesting.com/main.60cd83a2d07ec791.js:0
[     921ms] [ERROR] ERROR TypeError: Cannot read properties of undefined (reading 'cart_items')
    at template (https://practicesoftwaretesting.com/src_app_checkout_checkout_module_ts.753c4cc6a93f45a0.js:1:27733)
    at Qc (https://practicesoftwaretesting.com/main.60cd83a2d07ec791.js:1:344016)
    at Ks (https://practicesoftwaretesting.com/main.60cd83a2d07ec791.js:1:353378)
    at Qs (https://practicesoftwaretesting.com/main.60cd83a2d07ec791.js:1:354929)
    at Xs (https://practicesoftwaretesting.com/main.60cd83a2d07ec791.js:1:354733)
    at _f (https://practicesoftwaretesting.com/main.60cd83a2d07ec791.js:1:354678)
    at gl (https://practicesoftwaretesting.com/main.60cd83a2d07ec791.js:1:355129)
    at Ks (https://practicesoftwaretesting.com/main.60cd83a2d07ec791.js:1:354108)
    at Qs (https://practicesoftwaretesting.com/main.60cd83a2d07ec791.js:1:354929)
    at Xs (https://practicesoftwaretesting.com/main.60cd83a2d07ec791.js:1:354733) @ https://practicesoftwaretesting.com/main.60cd83a2d07ec791.js:0
[     937ms] [ERROR] ERROR {message: Unauthorized} @ https://practicesoftwaretesting.com/main.60cd83a2d07ec791.js:0
[    1267ms] [ERROR] Failed to load resource: the server responded with a status of 401 (Unauthorized) @ https://api.practicesoftwaretesting.com/users/me:0
[    1666ms] [ERROR] Failed to load resource: the server responded with a status of 401 (Unauthorized) @ https://api.practicesoftwaretesting.com/users/me:0
[    1667ms] [ERROR] ERROR {message: Unauthorized} @ https://practicesoftwaretesting.com/main.60cd83a2d07ec791.js:0
[    2093ms] [ERROR] Failed to load resource: the server responded with a status of 401 (Unauthorized) @ https://api.practicesoftwaretesting.com/users/me:0
[    2094ms] [ERROR] ERROR {message: Unauthorized} @ https://practicesoftwaretesting.com/main.60cd83a2d07ec791.js:0
[  113977ms] [ERROR] Failed to load resource: the server responded with a status of 401 (Unauthorized) @ https://api.practicesoftwaretesting.com/users/me:0
[  113979ms] [ERROR] ERROR {message: Unauthorized} @ https://practicesoftwaretesting.com/main.60cd83a2d07ec791.js:0
