[     935ms] [ERROR] ERROR TypeError: Cannot read properties of undefined (reading 'cart_items')
    at template (https://practicesoftwaretesting.com/src_app_checkout_checkout_module_ts.753c4cc6a93f45a0.js:1:27733)
    at Qc (https://practicesoftwaretesting.com/main.60cd83a2d07ec791.js:1:344016)
    at Ks (https://practicesoftwaretesting.com/main.60cd83a2d07ec791.js:1:353378)
    at Qs (https://practicesoftwaretesting.com/main.60cd83a2d07ec791.js:1:354929)
    at Xs (https://practicesoftwaretesting.com/main.60cd83a2d07ec791.js:1:354733)
    at _f (https://practicesoftwaretesting.com/main.60cd83a2d07ec791.js:1:354678)
    at gl (https://practicesoftwaretesting.com/main.60cd83a2d07ec791.js:1:355129)
    at Ks (https://practicesoftwaretesting.com/main.60cd83a2d07ec791.js:1:354108)
    at Qs (https://practicesoftwaretesting.com/main.60cd83a2d07ec791.js:1:354929)
    at Xs (https://practicesoftwaretesting.com/main.60cd83a2d07ec791.js:1:354733) @ https://practicesoftwaretesting.com/main.60cd83a2d07ec791.js:0
[     936ms] [ERROR] ERROR TypeError: Cannot read properties of undefined (reading 'cart_items')
    at template (https://practicesoftwaretesting.com/src_app_checkout_checkout_module_ts.753c4cc6a93f45a0.js:1:27733)
    at Qc (https://practicesoftwaretesting.com/main.60cd83a2d07ec791.js:1:344016)
    at Ks (https://practicesoftwaretesting.com/main.60cd83a2d07ec791.js:1:353378)
    at Qs (https://practicesoftwaretesting.com/main.60cd83a2d07ec791.js:1:354929)
    at Xs (https://practicesoftwaretesting.com/main.60cd83a2d07ec791.js:1:354733)
    at _f (https://practicesoftwaretesting.com/main.60cd83a2d07ec791.js:1:354678)
    at gl (https://practicesoftwaretesting.com/main.60cd83a2d07ec791.js:1:355129)
    at Ks (https://practicesoftwaretesting.com/main.60cd83a2d07ec791.js:1:354108)
    at Qs (https://practicesoftwaretesting.com/main.60cd83a2d07ec791.js:1:354929)
    at Xs (https://practicesoftwaretesting.com/main.60cd83a2d07ec791.js:1:354733) @ https://practicesoftwaretesting.com/main.60cd83a2d07ec791.js:0
[     938ms] [ERROR] ERROR TypeError: Cannot read properties of undefined (reading 'cart_items')
    at template (https://practicesoftwaretesting.com/src_app_checkout_checkout_module_ts.753c4cc6a93f45a0.js:1:27733)
    at Qc (https://practicesoftwaretesting.com/main.60cd83a2d07ec791.js:1:344016)
    at Ks (https://practicesoftwaretesting.com/main.60cd83a2d07ec791.js:1:353378)
    at Qs (https://practicesoftwaretesting.com/main.60cd83a2d07ec791.js:1:354929)
    at Xs (https://practicesoftwaretesting.com/main.60cd83a2d07ec791.js:1:354733)
    at _f (https://practicesoftwaretesting.com/main.60cd83a2d07ec791.js:1:354678)
    at gl (https://practicesoftwaretesting.com/main.60cd83a2d07ec791.js:1:355129)
    at Ks (https://practicesoftwaretesting.com/main.60cd83a2d07ec791.js:1:354108)
    at Qs (https://practicesoftwaretesting.com/main.60cd83a2d07ec791.js:1:354929)
    at Xs (https://practicesoftwaretesting.com/main.60cd83a2d07ec791.js:1:354733) @ https://practicesoftwaretesting.com/main.60cd83a2d07ec791.js:0
[     939ms] [ERROR] ERROR TypeError: Cannot read properties of undefined (reading 'cart_items')
    at template (https://practicesoftwaretesting.com/src_app_checkout_checkout_module_ts.753c4cc6a93f45a0.js:1:27733)
    at Qc (https://practicesoftwaretesting.com/main.60cd83a2d07ec791.js:1:344016)
    at Ks (https://practicesoftwaretesting.com/main.60cd83a2d07ec791.js:1:353378)
    at Qs (https://practicesoftwaretesting.com/main.60cd83a2d07ec791.js:1:354929)
    at Xs (https://practicesoftwaretesting.com/main.60cd83a2d07ec791.js:1:354733)
    at _f (https://practicesoftwaretesting.com/main.60cd83a2d07ec791.js:1:354678)
    at gl (https://practicesoftwaretesting.com/main.60cd83a2d07ec791.js:1:355129)
    at Ks (https://practicesoftwaretesting.com/main.60cd83a2d07ec791.js:1:354108)
    at Qs (https://practicesoftwaretesting.com/main.60cd83a2d07ec791.js:1:354929)
    at Xs (https://practicesoftwaretesting.com/main.60cd83a2d07ec791.js:1:354733) @ https://practicesoftwaretesting.com/main.60cd83a2d07ec791.js:0
[     947ms] [ERROR] ERROR TypeError: Cannot read properties of undefined (reading 'cart_items')
    at template (https://practicesoftwaretesting.com/src_app_checkout_checkout_module_ts.753c4cc6a93f45a0.js:1:27733)
    at Qc (https://practicesoftwaretesting.com/main.60cd83a2d07ec791.js:1:344016)
    at Ks (https://practicesoftwaretesting.com/main.60cd83a2d07ec791.js:1:353378)
    at Qs (https://practicesoftwaretesting.com/main.60cd83a2d07ec791.js:1:354929)
    at Xs (https://practicesoftwaretesting.com/main.60cd83a2d07ec791.js:1:354733)
    at _f (https://practicesoftwaretesting.com/main.60cd83a2d07ec791.js:1:354678)
    at gl (https://practicesoftwaretesting.com/main.60cd83a2d07ec791.js:1:355129)
    at Ks (https://practicesoftwaretesting.com/main.60cd83a2d07ec791.js:1:354108)
    at Qs (https://practicesoftwaretesting.com/main.60cd83a2d07ec791.js:1:354929)
    at Xs (https://practicesoftwaretesting.com/main.60cd83a2d07ec791.js:1:354733) @ https://practicesoftwaretesting.com/main.60cd83a2d07ec791.js:0
[     949ms] [ERROR] ERROR TypeError: Cannot read properties of undefined (reading 'cart_items')
    at template (https://practicesoftwaretesting.com/src_app_checkout_checkout_module_ts.753c4cc6a93f45a0.js:1:27733)
    at Qc (https://practicesoftwaretesting.com/main.60cd83a2d07ec791.js:1:344016)
    at Ks (https://practicesoftwaretesting.com/main.60cd83a2d07ec791.js:1:353378)
    at Qs (https://practicesoftwaretesting.com/main.60cd83a2d07ec791.js:1:354929)
    at Xs (https://practicesoftwaretesting.com/main.60cd83a2d07ec791.js:1:354733)
    at _f (https://practicesoftwaretesting.com/main.60cd83a2d07ec791.js:1:354678)
    at gl (https://practicesoftwaretesting.com/main.60cd83a2d07ec791.js:1:355129)
    at Ks (https://practicesoftwaretesting.com/main.60cd83a2d07ec791.js:1:354108)
    at Qs (https://practicesoftwaretesting.com/main.60cd83a2d07ec791.js:1:354929)
    at Xs (https://practicesoftwaretesting.com/main.60cd83a2d07ec791.js:1:354733) @ https://practicesoftwaretesting.com/main.60cd83a2d07ec791.js:0
[     949ms] [ERROR] ERROR TypeError: Cannot read properties of undefined (reading 'cart_items')
    at template (https://practicesoftwaretesting.com/src_app_checkout_checkout_module_ts.753c4cc6a93f45a0.js:1:27733)
    at Qc (https://practicesoftwaretesting.com/main.60cd83a2d07ec791.js:1:344016)
    at Ks (https://practicesoftwaretesting.com/main.60cd83a2d07ec791.js:1:353378)
    at Qs (https://practicesoftwaretesting.com/main.60cd83a2d07ec791.js:1:354929)
    at Xs (https://practicesoftwaretesting.com/main.60cd83a2d07ec791.js:1:354733)
    at _f (https://practicesoftwaretesting.com/main.60cd83a2d07ec791.js:1:354678)
    at gl (https://practicesoftwaretesting.com/main.60cd83a2d07ec791.js:1:355129)
    at Ks (https://practicesoftwaretesting.com/main.60cd83a2d07ec791.js:1:354108)
    at Qs (https://practicesoftwaretesting.com/main.60cd83a2d07ec791.js:1:354929)
    at Xs (https://practicesoftwaretesting.com/main.60cd83a2d07ec791.js:1:354733) @ https://practicesoftwaretesting.com/main.60cd83a2d07ec791.js:0
[     949ms] [ERROR] ERROR TypeError: Cannot read properties of undefined (reading 'cart_items')
    at template (https://practicesoftwaretesting.com/src_app_checkout_checkout_module_ts.753c4cc6a93f45a0.js:1:27733)
    at Qc (https://practicesoftwaretesting.com/main.60cd83a2d07ec791.js:1:344016)
    at Ks (https://practicesoftwaretesting.com/main.60cd83a2d07ec791.js:1:353378)
    at Qs (https://practicesoftwaretesting.com/main.60cd83a2d07ec791.js:1:354929)
    at Xs (https://practicesoftwaretesting.com/main.60cd83a2d07ec791.js:1:354733)
    at _f (https://practicesoftwaretesting.com/main.60cd83a2d07ec791.js:1:354678)
    at gl (https://practicesoftwaretesting.com/main.60cd83a2d07ec791.js:1:355129)
    at Ks (https://practicesoftwaretesting.com/main.60cd83a2d07ec791.js:1:354108)
    at Qs (https://practicesoftwaretesting.com/main.60cd83a2d07ec791.js:1:354929)
    at Xs (https://practicesoftwaretesting.com/main.60cd83a2d07ec791.js:1:354733) @ https://practicesoftwaretesting.com/main.60cd83a2d07ec791.js:0
[     950ms] [ERROR] ERROR TypeError: Cannot read properties of undefined (reading 'cart_items')
    at template (https://practicesoftwaretesting.com/src_app_checkout_checkout_module_ts.753c4cc6a93f45a0.js:1:27733)
    at Qc (https://practicesoftwaretesting.com/main.60cd83a2d07ec791.js:1:344016)
    at Ks (https://practicesoftwaretesting.com/main.60cd83a2d07ec791.js:1:353378)
    at Qs (https://practicesoftwaretesting.com/main.60cd83a2d07ec791.js:1:354929)
    at Xs (https://practicesoftwaretesting.com/main.60cd83a2d07ec791.js:1:354733)
    at _f (https://practicesoftwaretesting.com/main.60cd83a2d07ec791.js:1:354678)
    at gl (https://practicesoftwaretesting.com/main.60cd83a2d07ec791.js:1:355129)
    at Ks (https://practicesoftwaretesting.com/main.60cd83a2d07ec791.js:1:354108)
    at Qs (https://practicesoftwaretesting.com/main.60cd83a2d07ec791.js:1:354929)
    at Xs (https://practicesoftwaretesting.com/main.60cd83a2d07ec791.js:1:354733) @ https://practicesoftwaretesting.com/main.60cd83a2d07ec791.js:0
[     950ms] [ERROR] ERROR TypeError: Cannot read properties of undefined (reading 'cart_items')
    at template (https://practicesoftwaretesting.com/src_app_checkout_checkout_module_ts.753c4cc6a93f45a0.js:1:27733)
    at Qc (https://practicesoftwaretesting.com/main.60cd83a2d07ec791.js:1:344016)
    at Ks (https://practicesoftwaretesting.com/main.60cd83a2d07ec791.js:1:353378)
    at Qs (https://practicesoftwaretesting.com/main.60cd83a2d07ec791.js:1:354929)
    at Xs (https://practicesoftwaretesting.com/main.60cd83a2d07ec791.js:1:354733)
    at _f (https://practicesoftwaretesting.com/main.60cd83a2d07ec791.js:1:354678)
    at gl (https://practicesoftwaretesting.com/main.60cd83a2d07ec791.js:1:355129)
    at Ks (https://practicesoftwaretesting.com/main.60cd83a2d07ec791.js:1:354108)
    at Qs (https://practicesoftwaretesting.com/main.60cd83a2d07ec791.js:1:354929)
    at Xs (https://practicesoftwaretesting.com/main.60cd83a2d07ec791.js:1:354733) @ https://practicesoftwaretesting.com/main.60cd83a2d07ec791.js:0
[     950ms] [ERROR] ERROR TypeError: Cannot read properties of undefined (reading 'cart_items')
    at template (https://practicesoftwaretesting.com/src_app_checkout_checkout_module_ts.753c4cc6a93f45a0.js:1:27733)
    at Qc (https://practicesoftwaretesting.com/main.60cd83a2d07ec791.js:1:344016)
    at Ks (https://practicesoftwaretesting.com/main.60cd83a2d07ec791.js:1:353378)
    at Qs (https://practicesoftwaretesting.com/main.60cd83a2d07ec791.js:1:354929)
    at Xs (https://practicesoftwaretesting.com/main.60cd83a2d07ec791.js:1:354733)
    at _f (https://practicesoftwaretesting.com/main.60cd83a2d07ec791.js:1:354678)
    at gl (https://practicesoftwaretesting.com/main.60cd83a2d07ec791.js:1:355129)
    at Ks (https://practicesoftwaretesting.com/main.60cd83a2d07ec791.js:1:354108)
    at Qs (https://practicesoftwaretesting.com/main.60cd83a2d07ec791.js:1:354929)
    at Xs (https://practicesoftwaretesting.com/main.60cd83a2d07ec791.js:1:354733) @ https://practicesoftwaretesting.com/main.60cd83a2d07ec791.js:0
[     950ms] [ERROR] ERROR TypeError: Cannot read properties of undefined (reading 'cart_items')
    at template (https://practicesoftwaretesting.com/src_app_checkout_checkout_module_ts.753c4cc6a93f45a0.js:1:27733)
    at Qc (https://practicesoftwaretesting.com/main.60cd83a2d07ec791.js:1:344016)
    at Ks (https://practicesoftwaretesting.com/main.60cd83a2d07ec791.js:1:353378)
    at Qs (https://practicesoftwaretesting.com/main.60cd83a2d07ec791.js:1:354929)
    at Xs (https://practicesoftwaretesting.com/main.60cd83a2d07ec791.js:1:354733)
    at _f (https://practicesoftwaretesting.com/main.60cd83a2d07ec791.js:1:354678)
    at gl (https://practicesoftwaretesting.com/main.60cd83a2d07ec791.js:1:355129)
    at Ks (https://practicesoftwaretesting.com/main.60cd83a2d07ec791.js:1:354108)
    at Qs (https://practicesoftwaretesting.com/main.60cd83a2d07ec791.js:1:354929)
    at Xs (https://practicesoftwaretesting.com/main.60cd83a2d07ec791.js:1:354733) @ https://practicesoftwaretesting.com/main.60cd83a2d07ec791.js:0
[     951ms] [ERROR] ERROR TypeError: Cannot read properties of undefined (reading 'cart_items')
    at template (https://practicesoftwaretesting.com/src_app_checkout_checkout_module_ts.753c4cc6a93f45a0.js:1:27733)
    at Qc (https://practicesoftwaretesting.com/main.60cd83a2d07ec791.js:1:344016)
    at Ks (https://practicesoftwaretesting.com/main.60cd83a2d07ec791.js:1:353378)
    at Qs (https://practicesoftwaretesting.com/main.60cd83a2d07ec791.js:1:354929)
    at Xs (https://practicesoftwaretesting.com/main.60cd83a2d07ec791.js:1:354733)
    at _f (https://practicesoftwaretesting.com/main.60cd83a2d07ec791.js:1:354678)
    at gl (https://practicesoftwaretesting.com/main.60cd83a2d07ec791.js:1:355129)
    at Ks (https://practicesoftwaretesting.com/main.60cd83a2d07ec791.js:1:354108)
    at Qs (https://practicesoftwaretesting.com/main.60cd83a2d07ec791.js:1:354929)
    at Xs (https://practicesoftwaretesting.com/main.60cd83a2d07ec791.js:1:354733) @ https://practicesoftwaretesting.com/main.60cd83a2d07ec791.js:0
[     951ms] [ERROR] ERROR TypeError: Cannot read properties of undefined (reading 'cart_items')
    at template (https://practicesoftwaretesting.com/src_app_checkout_checkout_module_ts.753c4cc6a93f45a0.js:1:27733)
    at Qc (https://practicesoftwaretesting.com/main.60cd83a2d07ec791.js:1:344016)
    at Ks (https://practicesoftwaretesting.com/main.60cd83a2d07ec791.js:1:353378)
    at Qs (https://practicesoftwaretesting.com/main.60cd83a2d07ec791.js:1:354929)
    at Xs (https://practicesoftwaretesting.com/main.60cd83a2d07ec791.js:1:354733)
    at _f (https://practicesoftwaretesting.com/main.60cd83a2d07ec791.js:1:354678)
    at gl (https://practicesoftwaretesting.com/main.60cd83a2d07ec791.js:1:355129)
    at Ks (https://practicesoftwaretesting.com/main.60cd83a2d07ec791.js:1:354108)
    at Qs (https://practicesoftwaretesting.com/main.60cd83a2d07ec791.js:1:354929)
    at Xs (https://practicesoftwaretesting.com/main.60cd83a2d07ec791.js:1:354733) @ https://practicesoftwaretesting.com/main.60cd83a2d07ec791.js:0
[     951ms] [ERROR] ERROR TypeError: Cannot read properties of undefined (reading 'cart_items')
    at template (https://practicesoftwaretesting.com/src_app_checkout_checkout_module_ts.753c4cc6a93f45a0.js:1:27733)
    at Qc (https://practicesoftwaretesting.com/main.60cd83a2d07ec791.js:1:344016)
    at Ks (https://practicesoftwaretesting.com/main.60cd83a2d07ec791.js:1:353378)
    at Qs (https://practicesoftwaretesting.com/main.60cd83a2d07ec791.js:1:354929)
    at Xs (https://practicesoftwaretesting.com/main.60cd83a2d07ec791.js:1:354733)
    at _f (https://practicesoftwaretesting.com/main.60cd83a2d07ec791.js:1:354678)
    at gl (https://practicesoftwaretesting.com/main.60cd83a2d07ec791.js:1:355129)
    at Ks (https://practicesoftwaretesting.com/main.60cd83a2d07ec791.js:1:354108)
    at Qs (https://practicesoftwaretesting.com/main.60cd83a2d07ec791.js:1:354929)
    at Xs (https://practicesoftwaretesting.com/main.60cd83a2d07ec791.js:1:354733) @ https://practicesoftwaretesting.com/main.60cd83a2d07ec791.js:0
[     957ms] [ERROR] ERROR TypeError: Cannot read properties of undefined (reading 'cart_items')
    at template (https://practicesoftwaretesting.com/src_app_checkout_checkout_module_ts.753c4cc6a93f45a0.js:1:27733)
    at Qc (https://practicesoftwaretesting.com/main.60cd83a2d07ec791.js:1:344016)
    at Ks (https://practicesoftwaretesting.com/main.60cd83a2d07ec791.js:1:353378)
    at Qs (https://practicesoftwaretesting.com/main.60cd83a2d07ec791.js:1:354929)
    at Xs (https://practicesoftwaretesting.com/main.60cd83a2d07ec791.js:1:354733)
    at _f (https://practicesoftwaretesting.com/main.60cd83a2d07ec791.js:1:354678)
    at gl (https://practicesoftwaretesting.com/main.60cd83a2d07ec791.js:1:355129)
    at Ks (https://practicesoftwaretesting.com/main.60cd83a2d07ec791.js:1:354108)
    at Qs (https://practicesoftwaretesting.com/main.60cd83a2d07ec791.js:1:354929)
    at Xs (https://practicesoftwaretesting.com/main.60cd83a2d07ec791.js:1:354733) @ https://practicesoftwaretesting.com/main.60cd83a2d07ec791.js:0
[     958ms] [ERROR] ERROR TypeError: Cannot read properties of undefined (reading 'cart_items')
    at template (https://practicesoftwaretesting.com/src_app_checkout_checkout_module_ts.753c4cc6a93f45a0.js:1:27733)
    at Qc (https://practicesoftwaretesting.com/main.60cd83a2d07ec791.js:1:344016)
    at Ks (https://practicesoftwaretesting.com/main.60cd83a2d07ec791.js:1:353378)
    at Qs (https://practicesoftwaretesting.com/main.60cd83a2d07ec791.js:1:354929)
    at Xs (https://practicesoftwaretesting.com/main.60cd83a2d07ec791.js:1:354733)
    at _f (https://practicesoftwaretesting.com/main.60cd83a2d07ec791.js:1:354678)
    at gl (https://practicesoftwaretesting.com/main.60cd83a2d07ec791.js:1:355129)
    at Ks (https://practicesoftwaretesting.com/main.60cd83a2d07ec791.js:1:354108)
    at Qs (https://practicesoftwaretesting.com/main.60cd83a2d07ec791.js:1:354929)
    at Xs (https://practicesoftwaretesting.com/main.60cd83a2d07ec791.js:1:354733) @ https://practicesoftwaretesting.com/main.60cd83a2d07ec791.js:0
[     958ms] [ERROR] ERROR TypeError: Cannot read properties of undefined (reading 'cart_items')
    at template (https://practicesoftwaretesting.com/src_app_checkout_checkout_module_ts.753c4cc6a93f45a0.js:1:27733)
    at Qc (https://practicesoftwaretesting.com/main.60cd83a2d07ec791.js:1:344016)
    at Ks (https://practicesoftwaretesting.com/main.60cd83a2d07ec791.js:1:353378)
    at Qs (https://practicesoftwaretesting.com/main.60cd83a2d07ec791.js:1:354929)
    at Xs (https://practicesoftwaretesting.com/main.60cd83a2d07ec791.js:1:354733)
    at _f (https://practicesoftwaretesting.com/main.60cd83a2d07ec791.js:1:354678)
    at gl (https://practicesoftwaretesting.com/main.60cd83a2d07ec791.js:1:355129)
    at Ks (https://practicesoftwaretesting.com/main.60cd83a2d07ec791.js:1:354108)
    at Qs (https://practicesoftwaretesting.com/main.60cd83a2d07ec791.js:1:354929)
    at Xs (https://practicesoftwaretesting.com/main.60cd83a2d07ec791.js:1:354733) @ https://practicesoftwaretesting.com/main.60cd83a2d07ec791.js:0
[     958ms] [ERROR] ERROR TypeError: Cannot read properties of undefined (reading 'cart_items')
    at template (https://practicesoftwaretesting.com/src_app_checkout_checkout_module_ts.753c4cc6a93f45a0.js:1:27733)
    at Qc (https://practicesoftwaretesting.com/main.60cd83a2d07ec791.js:1:344016)
    at Ks (https://practicesoftwaretesting.com/main.60cd83a2d07ec791.js:1:353378)
    at Qs (https://practicesoftwaretesting.com/main.60cd83a2d07ec791.js:1:354929)
    at Xs (https://practicesoftwaretesting.com/main.60cd83a2d07ec791.js:1:354733)
    at _f (https://practicesoftwaretesting.com/main.60cd83a2d07ec791.js:1:354678)
    at gl (https://practicesoftwaretesting.com/main.60cd83a2d07ec791.js:1:355129)
    at Ks (https://practicesoftwaretesting.com/main.60cd83a2d07ec791.js:1:354108)
    at Qs (https://practicesoftwaretesting.com/main.60cd83a2d07ec791.js:1:354929)
    at Xs (https://practicesoftwaretesting.com/main.60cd83a2d07ec791.js:1:354733) @ https://practicesoftwaretesting.com/main.60cd83a2d07ec791.js:0
[     958ms] [ERROR] ERROR TypeError: Cannot read properties of undefined (reading 'cart_items')
    at template (https://practicesoftwaretesting.com/src_app_checkout_checkout_module_ts.753c4cc6a93f45a0.js:1:27733)
    at Qc (https://practicesoftwaretesting.com/main.60cd83a2d07ec791.js:1:344016)
    at Ks (https://practicesoftwaretesting.com/main.60cd83a2d07ec791.js:1:353378)
    at Qs (https://practicesoftwaretesting.com/main.60cd83a2d07ec791.js:1:354929)
    at Xs (https://practicesoftwaretesting.com/main.60cd83a2d07ec791.js:1:354733)
    at _f (https://practicesoftwaretesting.com/main.60cd83a2d07ec791.js:1:354678)
    at gl (https://practicesoftwaretesting.com/main.60cd83a2d07ec791.js:1:355129)
    at Ks (https://practicesoftwaretesting.com/main.60cd83a2d07ec791.js:1:354108)
    at Qs (https://practicesoftwaretesting.com/main.60cd83a2d07ec791.js:1:354929)
    at Xs (https://practicesoftwaretesting.com/main.60cd83a2d07ec791.js:1:354733) @ https://practicesoftwaretesting.com/main.60cd83a2d07ec791.js:0
[     958ms] [ERROR] ERROR TypeError: Cannot read properties of undefined (reading 'cart_items')
    at template (https://practicesoftwaretesting.com/src_app_checkout_checkout_module_ts.753c4cc6a93f45a0.js:1:27733)
    at Qc (https://practicesoftwaretesting.com/main.60cd83a2d07ec791.js:1:344016)
    at Ks (https://practicesoftwaretesting.com/main.60cd83a2d07ec791.js:1:353378)
    at Qs (https://practicesoftwaretesting.com/main.60cd83a2d07ec791.js:1:354929)
    at Xs (https://practicesoftwaretesting.com/main.60cd83a2d07ec791.js:1:354733)
    at _f (https://practicesoftwaretesting.com/main.60cd83a2d07ec791.js:1:354678)
    at gl (https://practicesoftwaretesting.com/main.60cd83a2d07ec791.js:1:355129)
    at Ks (https://practicesoftwaretesting.com/main.60cd83a2d07ec791.js:1:354108)
    at Qs (https://practicesoftwaretesting.com/main.60cd83a2d07ec791.js:1:354929)
    at Xs (https://practicesoftwaretesting.com/main.60cd83a2d07ec791.js:1:354733) @ https://practicesoftwaretesting.com/main.60cd83a2d07ec791.js:0
[     958ms] [ERROR] ERROR TypeError: Cannot read properties of undefined (reading 'cart_items')
    at template (https://practicesoftwaretesting.com/src_app_checkout_checkout_module_ts.753c4cc6a93f45a0.js:1:27733)
    at Qc (https://practicesoftwaretesting.com/main.60cd83a2d07ec791.js:1:344016)
    at Ks (https://practicesoftwaretesting.com/main.60cd83a2d07ec791.js:1:353378)
    at Qs (https://practicesoftwaretesting.com/main.60cd83a2d07ec791.js:1:354929)
    at Xs (https://practicesoftwaretesting.com/main.60cd83a2d07ec791.js:1:354733)
    at _f (https://practicesoftwaretesting.com/main.60cd83a2d07ec791.js:1:354678)
    at gl (https://practicesoftwaretesting.com/main.60cd83a2d07ec791.js:1:355129)
    at Ks (https://practicesoftwaretesting.com/main.60cd83a2d07ec791.js:1:354108)
    at Qs (https://practicesoftwaretesting.com/main.60cd83a2d07ec791.js:1:354929)
    at Xs (https://practicesoftwaretesting.com/main.60cd83a2d07ec791.js:1:354733) @ https://practicesoftwaretesting.com/main.60cd83a2d07ec791.js:0
[     959ms] [ERROR] ERROR TypeError: Cannot read properties of undefined (reading 'cart_items')
    at template (https://practicesoftwaretesting.com/src_app_checkout_checkout_module_ts.753c4cc6a93f45a0.js:1:27733)
    at Qc (https://practicesoftwaretesting.com/main.60cd83a2d07ec791.js:1:344016)
    at Ks (https://practicesoftwaretesting.com/main.60cd83a2d07ec791.js:1:353378)
    at Qs (https://practicesoftwaretesting.com/main.60cd83a2d07ec791.js:1:354929)
    at Xs (https://practicesoftwaretesting.com/main.60cd83a2d07ec791.js:1:354733)
    at _f (https://practicesoftwaretesting.com/main.60cd83a2d07ec791.js:1:354678)
    at gl (https://practicesoftwaretesting.com/main.60cd83a2d07ec791.js:1:355129)
    at Ks (https://practicesoftwaretesting.com/main.60cd83a2d07ec791.js:1:354108)
    at Qs (https://practicesoftwaretesting.com/main.60cd83a2d07ec791.js:1:354929)
    at Xs (https://practicesoftwaretesting.com/main.60cd83a2d07ec791.js:1:354733) @ https://practicesoftwaretesting.com/main.60cd83a2d07ec791.js:0
[     959ms] [ERROR] ERROR TypeError: Cannot read properties of undefined (reading 'cart_items')
    at template (https://practicesoftwaretesting.com/src_app_checkout_checkout_module_ts.753c4cc6a93f45a0.js:1:27733)
    at Qc (https://practicesoftwaretesting.com/main.60cd83a2d07ec791.js:1:344016)
    at Ks (https://practicesoftwaretesting.com/main.60cd83a2d07ec791.js:1:353378)
    at Qs (https://practicesoftwaretesting.com/main.60cd83a2d07ec791.js:1:354929)
    at Xs (https://practicesoftwaretesting.com/main.60cd83a2d07ec791.js:1:354733)
    at _f (https://practicesoftwaretesting.com/main.60cd83a2d07ec791.js:1:354678)
    at gl (https://practicesoftwaretesting.com/main.60cd83a2d07ec791.js:1:355129)
    at Ks (https://practicesoftwaretesting.com/main.60cd83a2d07ec791.js:1:354108)
    at Qs (https://practicesoftwaretesting.com/main.60cd83a2d07ec791.js:1:354929)
    at Xs (https://practicesoftwaretesting.com/main.60cd83a2d07ec791.js:1:354733) @ https://practicesoftwaretesting.com/main.60cd83a2d07ec791.js:0
[     959ms] [ERROR] ERROR TypeError: Cannot read properties of undefined (reading 'cart_items')
    at template (https://practicesoftwaretesting.com/src_app_checkout_checkout_module_ts.753c4cc6a93f45a0.js:1:27733)
    at Qc (https://practicesoftwaretesting.com/main.60cd83a2d07ec791.js:1:344016)
    at Ks (https://practicesoftwaretesting.com/main.60cd83a2d07ec791.js:1:353378)
    at Qs (https://practicesoftwaretesting.com/main.60cd83a2d07ec791.js:1:354929)
    at Xs (https://practicesoftwaretesting.com/main.60cd83a2d07ec791.js:1:354733)
    at _f (https://practicesoftwaretesting.com/main.60cd83a2d07ec791.js:1:354678)
    at gl (https://practicesoftwaretesting.com/main.60cd83a2d07ec791.js:1:355129)
    at Ks (https://practicesoftwaretesting.com/main.60cd83a2d07ec791.js:1:354108)
    at Qs (https://practicesoftwaretesting.com/main.60cd83a2d07ec791.js:1:354929)
    at Xs (https://practicesoftwaretesting.com/main.60cd83a2d07ec791.js:1:354733) @ https://practicesoftwaretesting.com/main.60cd83a2d07ec791.js:0
[     959ms] [ERROR] ERROR TypeError: Cannot read properties of undefined (reading 'cart_items')
    at template (https://practicesoftwaretesting.com/src_app_checkout_checkout_module_ts.753c4cc6a93f45a0.js:1:27733)
    at Qc (https://practicesoftwaretesting.com/main.60cd83a2d07ec791.js:1:344016)
    at Ks (https://practicesoftwaretesting.com/main.60cd83a2d07ec791.js:1:353378)
    at Qs (https://practicesoftwaretesting.com/main.60cd83a2d07ec791.js:1:354929)
    at Xs (https://practicesoftwaretesting.com/main.60cd83a2d07ec791.js:1:354733)
    at _f (https://practicesoftwaretesting.com/main.60cd83a2d07ec791.js:1:354678)
    at gl (https://practicesoftwaretesting.com/main.60cd83a2d07ec791.js:1:355129)
    at Ks (https://practicesoftwaretesting.com/main.60cd83a2d07ec791.js:1:354108)
    at Qs (https://practicesoftwaretesting.com/main.60cd83a2d07ec791.js:1:354929)
    at Xs (https://practicesoftwaretesting.com/main.60cd83a2d07ec791.js:1:354733) @ https://practicesoftwaretesting.com/main.60cd83a2d07ec791.js:0
[     960ms] [ERROR] ERROR TypeError: Cannot read properties of undefined (reading 'cart_items')
    at template (https://practicesoftwaretesting.com/src_app_checkout_checkout_module_ts.753c4cc6a93f45a0.js:1:27733)
    at Qc (https://practicesoftwaretesting.com/main.60cd83a2d07ec791.js:1:344016)
    at Ks (https://practicesoftwaretesting.com/main.60cd83a2d07ec791.js:1:353378)
    at Qs (https://practicesoftwaretesting.com/main.60cd83a2d07ec791.js:1:354929)
    at Xs (https://practicesoftwaretesting.com/main.60cd83a2d07ec791.js:1:354733)
    at _f (https://practicesoftwaretesting.com/main.60cd83a2d07ec791.js:1:354678)
    at gl (https://practicesoftwaretesting.com/main.60cd83a2d07ec791.js:1:355129)
    at Ks (https://practicesoftwaretesting.com/main.60cd83a2d07ec791.js:1:354108)
    at Qs (https://practicesoftwaretesting.com/main.60cd83a2d07ec791.js:1:354929)
    at Xs (https://practicesoftwaretesting.com/main.60cd83a2d07ec791.js:1:354733) @ https://practicesoftwaretesting.com/main.60cd83a2d07ec791.js:0
[     960ms] [ERROR] ERROR TypeError: Cannot read properties of undefined (reading 'cart_items')
    at template (https://practicesoftwaretesting.com/src_app_checkout_checkout_module_ts.753c4cc6a93f45a0.js:1:27733)
    at Qc (https://practicesoftwaretesting.com/main.60cd83a2d07ec791.js:1:344016)
    at Ks (https://practicesoftwaretesting.com/main.60cd83a2d07ec791.js:1:353378)
    at Qs (https://practicesoftwaretesting.com/main.60cd83a2d07ec791.js:1:354929)
    at Xs (https://practicesoftwaretesting.com/main.60cd83a2d07ec791.js:1:354733)
    at _f (https://practicesoftwaretesting.com/main.60cd83a2d07ec791.js:1:354678)
    at gl (https://practicesoftwaretesting.com/main.60cd83a2d07ec791.js:1:355129)
    at Ks (https://practicesoftwaretesting.com/main.60cd83a2d07ec791.js:1:354108)
    at Qs (https://practicesoftwaretesting.com/main.60cd83a2d07ec791.js:1:354929)
    at Xs (https://practicesoftwaretesting.com/main.60cd83a2d07ec791.js:1:354733) @ https://practicesoftwaretesting.com/main.60cd83a2d07ec791.js:0
[     965ms] [ERROR] ERROR TypeError: Cannot read properties of undefined (reading 'cart_items')
    at template (https://practicesoftwaretesting.com/src_app_checkout_checkout_module_ts.753c4cc6a93f45a0.js:1:27733)
    at Qc (https://practicesoftwaretesting.com/main.60cd83a2d07ec791.js:1:344016)
    at Ks (https://practicesoftwaretesting.com/main.60cd83a2d07ec791.js:1:353378)
    at Qs (https://practicesoftwaretesting.com/main.60cd83a2d07ec791.js:1:354929)
    at Xs (https://practicesoftwaretesting.com/main.60cd83a2d07ec791.js:1:354733)
    at _f (https://practicesoftwaretesting.com/main.60cd83a2d07ec791.js:1:354678)
    at gl (https://practicesoftwaretesting.com/main.60cd83a2d07ec791.js:1:355129)
    at Ks (https://practicesoftwaretesting.com/main.60cd83a2d07ec791.js:1:354108)
    at Qs (https://practicesoftwaretesting.com/main.60cd83a2d07ec791.js:1:354929)
    at Xs (https://practicesoftwaretesting.com/main.60cd83a2d07ec791.js:1:354733) @ https://practicesoftwaretesting.com/main.60cd83a2d07ec791.js:0
[     967ms] [ERROR] ERROR TypeError: Cannot read properties of undefined (reading 'cart_items')
    at template (https://practicesoftwaretesting.com/src_app_checkout_checkout_module_ts.753c4cc6a93f45a0.js:1:27733)
    at Qc (https://practicesoftwaretesting.com/main.60cd83a2d07ec791.js:1:344016)
    at Ks (https://practicesoftwaretesting.com/main.60cd83a2d07ec791.js:1:353378)
    at Qs (https://practicesoftwaretesting.com/main.60cd83a2d07ec791.js:1:354929)
    at Xs (https://practicesoftwaretesting.com/main.60cd83a2d07ec791.js:1:354733)
    at _f (https://practicesoftwaretesting.com/main.60cd83a2d07ec791.js:1:354678)
    at gl (https://practicesoftwaretesting.com/main.60cd83a2d07ec791.js:1:355129)
    at Ks (https://practicesoftwaretesting.com/main.60cd83a2d07ec791.js:1:354108)
    at Qs (https://practicesoftwaretesting.com/main.60cd83a2d07ec791.js:1:354929)
    at Xs (https://practicesoftwaretesting.com/main.60cd83a2d07ec791.js:1:354733) @ https://practicesoftwaretesting.com/main.60cd83a2d07ec791.js:0
[     968ms] [ERROR] ERROR TypeError: Cannot read properties of undefined (reading 'cart_items')
    at template (https://practicesoftwaretesting.com/src_app_checkout_checkout_module_ts.753c4cc6a93f45a0.js:1:27733)
    at Qc (https://practicesoftwaretesting.com/main.60cd83a2d07ec791.js:1:344016)
    at Ks (https://practicesoftwaretesting.com/main.60cd83a2d07ec791.js:1:353378)
    at Qs (https://practicesoftwaretesting.com/main.60cd83a2d07ec791.js:1:354929)
    at Xs (https://practicesoftwaretesting.com/main.60cd83a2d07ec791.js:1:354733)
    at _f (https://practicesoftwaretesting.com/main.60cd83a2d07ec791.js:1:354678)
    at gl (https://practicesoftwaretesting.com/main.60cd83a2d07ec791.js:1:355129)
    at Ks (https://practicesoftwaretesting.com/main.60cd83a2d07ec791.js:1:354108)
    at Qs (https://practicesoftwaretesting.com/main.60cd83a2d07ec791.js:1:354929)
    at Xs (https://practicesoftwaretesting.com/main.60cd83a2d07ec791.js:1:354733) @ https://practicesoftwaretesting.com/main.60cd83a2d07ec791.js:0
[    1153ms] [ERROR] ERROR TypeError: Cannot read properties of undefined (reading 'cart_items')
    at template (https://practicesoftwaretesting.com/src_app_checkout_checkout_module_ts.753c4cc6a93f45a0.js:1:27733)
    at Qc (https://practicesoftwaretesting.com/main.60cd83a2d07ec791.js:1:344016)
    at Ks (https://practicesoftwaretesting.com/main.60cd83a2d07ec791.js:1:353378)
    at Qs (https://practicesoftwaretesting.com/main.60cd83a2d07ec791.js:1:354929)
    at Xs (https://practicesoftwaretesting.com/main.60cd83a2d07ec791.js:1:354733)
    at _f (https://practicesoftwaretesting.com/main.60cd83a2d07ec791.js:1:354678)
    at gl (https://practicesoftwaretesting.com/main.60cd83a2d07ec791.js:1:355129)
    at Ks (https://practicesoftwaretesting.com/main.60cd83a2d07ec791.js:1:354108)
    at Qs (https://practicesoftwaretesting.com/main.60cd83a2d07ec791.js:1:354929)
    at Xs (https://practicesoftwaretesting.com/main.60cd83a2d07ec791.js:1:354733) @ https://practicesoftwaretesting.com/main.60cd83a2d07ec791.js:0
[    1154ms] [ERROR] ERROR TypeError: Cannot read properties of undefined (reading 'cart_items')
    at template (https://practicesoftwaretesting.com/src_app_checkout_checkout_module_ts.753c4cc6a93f45a0.js:1:27733)
    at Qc (https://practicesoftwaretesting.com/main.60cd83a2d07ec791.js:1:344016)
    at Ks (https://practicesoftwaretesting.com/main.60cd83a2d07ec791.js:1:353378)
    at Qs (https://practicesoftwaretesting.com/main.60cd83a2d07ec791.js:1:354929)
    at Xs (https://practicesoftwaretesting.com/main.60cd83a2d07ec791.js:1:354733)
    at _f (https://practicesoftwaretesting.com/main.60cd83a2d07ec791.js:1:354678)
    at gl (https://practicesoftwaretesting.com/main.60cd83a2d07ec791.js:1:355129)
    at Ks (https://practicesoftwaretesting.com/main.60cd83a2d07ec791.js:1:354108)
    at Qs (https://practicesoftwaretesting.com/main.60cd83a2d07ec791.js:1:354929)
    at Xs (https://practicesoftwaretesting.com/main.60cd83a2d07ec791.js:1:354733) @ https://practicesoftwaretesting.com/main.60cd83a2d07ec791.js:0
[    1578ms] [ERROR] ERROR TypeError: Cannot read properties of undefined (reading 'cart_items')
    at template (https://practicesoftwaretesting.com/src_app_checkout_checkout_module_ts.753c4cc6a93f45a0.js:1:27733)
    at Qc (https://practicesoftwaretesting.com/main.60cd83a2d07ec791.js:1:344016)
    at Ks (https://practicesoftwaretesting.com/main.60cd83a2d07ec791.js:1:353378)
    at Qs (https://practicesoftwaretesting.com/main.60cd83a2d07ec791.js:1:354929)
    at Xs (https://practicesoftwaretesting.com/main.60cd83a2d07ec791.js:1:354733)
    at _f (https://practicesoftwaretesting.com/main.60cd83a2d07ec791.js:1:354678)
    at gl (https://practicesoftwaretesting.com/main.60cd83a2d07ec791.js:1:355129)
    at Ks (https://practicesoftwaretesting.com/main.60cd83a2d07ec791.js:1:354108)
    at Qs (https://practicesoftwaretesting.com/main.60cd83a2d07ec791.js:1:354929)
    at Xs (https://practicesoftwaretesting.com/main.60cd83a2d07ec791.js:1:354733) @ https://practicesoftwaretesting.com/main.60cd83a2d07ec791.js:0
[    1579ms] [ERROR] ERROR TypeError: Cannot read properties of undefined (reading 'cart_items')
    at template (https://practicesoftwaretesting.com/src_app_checkout_checkout_module_ts.753c4cc6a93f45a0.js:1:27733)
    at Qc (https://practicesoftwaretesting.com/main.60cd83a2d07ec791.js:1:344016)
    at Ks (https://practicesoftwaretesting.com/main.60cd83a2d07ec791.js:1:353378)
    at Qs (https://practicesoftwaretesting.com/main.60cd83a2d07ec791.js:1:354929)
    at Xs (https://practicesoftwaretesting.com/main.60cd83a2d07ec791.js:1:354733)
    at _f (https://practicesoftwaretesting.com/main.60cd83a2d07ec791.js:1:354678)
    at gl (https://practicesoftwaretesting.com/main.60cd83a2d07ec791.js:1:355129)
    at Ks (https://practicesoftwaretesting.com/main.60cd83a2d07ec791.js:1:354108)
    at Qs (https://practicesoftwaretesting.com/main.60cd83a2d07ec791.js:1:354929)
    at Xs (https://practicesoftwaretesting.com/main.60cd83a2d07ec791.js:1:354733) @ https://practicesoftwaretesting.com/main.60cd83a2d07ec791.js:0
[    5300ms] [WARNING] The resource https://practicesoftwaretesting.com/assets/img/barn-2400x1600.avif was preloaded using link preload but not used within a few seconds from the window's load event. Please make sure it has an appropriate `as` value and it is preloaded intentionally. @ https://practicesoftwaretesting.com/checkout:0
[    8975ms] [WARNING] The resource https://practicesoftwaretesting.com/assets/img/barn-2400x1600.avif was preloaded using link preload but not used within a few seconds from the window's load event. Please make sure it has an appropriate `as` value and it is preloaded intentionally. @ https://practicesoftwaretesting.com/checkout:0
[   49103ms] [WARNING] The resource https://practicesoftwaretesting.com/assets/img/barn-2400x1600.avif was preloaded using link preload but not used within a few seconds from the window's load event. Please make sure it has an appropriate `as` value and it is preloaded intentionally. @ https://practicesoftwaretesting.com/checkout:0
[  125705ms] [WARNING] The resource https://practicesoftwaretesting.com/assets/img/barn-2400x1600.avif was preloaded using link preload but not used within a few seconds from the window's load event. Please make sure it has an appropriate `as` value and it is preloaded intentionally. @ https://practicesoftwaretesting.com/checkout:0
[ 1732149ms] [WARNING] The resource https://practicesoftwaretesting.com/assets/img/barn-2400x1600.avif was preloaded using link preload but not used within a few seconds from the window's load event. Please make sure it has an appropriate `as` value and it is preloaded intentionally. @ https://practicesoftwaretesting.com/checkout:0
[ 1758386ms] [ERROR] Failed to load resource: the server responded with a status of 401 (Unauthorized) @ https://api.practicesoftwaretesting.com/users/me:0
[ 1758387ms] [ERROR] ERROR {message: Unauthorized} @ https://practicesoftwaretesting.com/main.60cd83a2d07ec791.js:0
[ 1758489ms] [ERROR] Failed to load resource: the server responded with a status of 404 (Not Found) @ https://api.practicesoftwaretesting.com/products/01KHJ9PCM959ZG6K36B5HX9WPB:0
[ 1758489ms] [ERROR] ERROR Z @ https://practicesoftwaretesting.com/main.60cd83a2d07ec791.js:0
[ 1758506ms] [ERROR] Failed to load resource: the server responded with a status of 500 (Internal Server Error) @ https://api.practicesoftwaretesting.com/products/01KHJ9PCM959ZG6K36B5HX9WPB/related:0
[ 1758507ms] [ERROR] ERROR Z @ https://practicesoftwaretesting.com/main.60cd83a2d07ec791.js:0
[ 1758778ms] [ERROR] Failed to load resource: the server responded with a status of 401 (Unauthorized) @ https://api.practicesoftwaretesting.com/users/me:0
[ 1761779ms] [WARNING] The resource https://practicesoftwaretesting.com/assets/img/barn-2400x1600.avif was preloaded using link preload but not used within a few seconds from the window's load event. Please make sure it has an appropriate `as` value and it is preloaded intentionally. @ https://practicesoftwaretesting.com/product/01KHJ9PCM959ZG6K36B5HX9WPB:0
[ 1766276ms] [WARNING] The resource https://practicesoftwaretesting.com/assets/img/barn-2400x1600.avif was preloaded using link preload but not used within a few seconds from the window's load event. Please make sure it has an appropriate `as` value and it is preloaded intentionally. @ https://practicesoftwaretesting.com/product/01KHJ9PCM959ZG6K36B5HX9WPB:0
